---
source: crates/sepika-app/tests/wall_model.rs
expression: out
---
prep.total_seismic_weight = 5.246e4
eigen.T[0] = 8.793e-2
eigen.T[1] = 5.466e-2
eigen.T[2] = 1.399e-2
static.DL.wall_forces_len = 3
static.DL.wall_forces_abs_sum = 7.848e4
static.EX.wall_forces_abs_sum = 3.290e7
static.EX.top_disp_x[node4] = 9.742e-3
