---
source: crates/squid-n-app/tests/wall_model.rs
expression: out
---
prep.total_seismic_weight = 5.203e4
eigen.T[0] = 8.891e-2
eigen.T[1] = 5.496e-2
eigen.T[2] = 1.436e-2
static.DL.wall_forces_len = 3
static.DL.wall_forces_abs_sum = 7.776e4
static.EX.wall_forces_abs_sum = 3.248e7
static.EX.top_disp_x[node4] = 1.018e-2
